../Drivers/Src/LCD.c:7:6:lcd_send_command	16	static
../Drivers/Src/LCD.c:16:6:lcd_print_char	16	static
../Drivers/Src/LCD.c:25:6:lcd_print_string	16	static
../Drivers/Src/LCD.c:34:6:lcd_init	24	static
../Drivers/Src/LCD.c:78:13:write_4_bits	16	static
../Drivers/Src/LCD.c:88:6:lcd_display_clear	8	static
../Drivers/Src/LCD.c:94:6:lcd_display_return_home	8	static
../Drivers/Src/LCD.c:100:6:lcd_set_cursor	16	static
../Drivers/Src/LCD.c:116:13:lcd_enable	8	static
../Drivers/Src/LCD.c:124:6:mdelay	24	static
../Drivers/Src/LCD.c:129:13:udelay	24	static
