Archive member included to satisfy reference by file (symbol)

C:/ST/STM32CubeIDE_1.19.0/STM32CubeIDE/plugins/com.st.stm32cube.ide.mcu.externaltools.gnu-tools-for-stm32.13.3.rel1.win32_1.0.0.202411081344/tools/bin/../lib/gcc/arm-none-eabi/13.3.1/../../../../arm-none-eabi/lib/thumb/v7e-m+fp/hard\libc_nano.a(libc_a-exit.o)
                              C:/ST/STM32CubeIDE_1.19.0/STM32CubeIDE/plugins/com.st.stm32cube.ide.mcu.externaltools.gnu-tools-for-stm32.13.3.rel1.win32_1.0.0.202411081344/tools/bin/../lib/gcc/arm-none-eabi/13.3.1/../../../../arm-none-eabi/lib/thumb/v7e-m+fp/hard/crt0.o (exit)
C:/ST/STM32CubeIDE_1.19.0/STM32CubeIDE/plugins/com.st.stm32cube.ide.mcu.externaltools.gnu-tools-for-stm32.13.3.rel1.win32_1.0.0.202411081344/tools/bin/../lib/gcc/arm-none-eabi/13.3.1/../../../../arm-none-eabi/lib/thumb/v7e-m+fp/hard\libc_nano.a(libc_a-malloc.o)
                              ./Drivers/Src/I2C_driver.o (malloc)
C:/ST/STM32CubeIDE_1.19.0/STM32CubeIDE/plugins/com.st.stm32cube.ide.mcu.externaltools.gnu-tools-for-stm32.13.3.rel1.win32_1.0.0.202411081344/tools/bin/../lib/gcc/arm-none-eabi/13.3.1/../../../../arm-none-eabi/lib/thumb/v7e-m+fp/hard\libc_nano.a(libc_a-mallocr.o)
                              C:/ST/STM32CubeIDE_1.19.0/STM32CubeIDE/plugins/com.st.stm32cube.ide.mcu.externaltools.gnu-tools-for-stm32.13.3.rel1.win32_1.0.0.202411081344/tools/bin/../lib/gcc/arm-none-eabi/13.3.1/../../../../arm-none-eabi/lib/thumb/v7e-m+fp/hard\libc_nano.a(libc_a-malloc.o) (_malloc_r)
C:/ST/STM32CubeIDE_1.19.0/STM32CubeIDE/plugins/com.st.stm32cube.ide.mcu.externaltools.gnu-tools-for-stm32.13.3.rel1.win32_1.0.0.202411081344/tools/bin/../lib/gcc/arm-none-eabi/13.3.1/../../../../arm-none-eabi/lib/thumb/v7e-m+fp/hard\libc_nano.a(libc_a-mlock.o)
                              C:/ST/STM32CubeIDE_1.19.0/STM32CubeIDE/plugins/com.st.stm32cube.ide.mcu.externaltools.gnu-tools-for-stm32.13.3.rel1.win32_1.0.0.202411081344/tools/bin/../lib/gcc/arm-none-eabi/13.3.1/../../../../arm-none-eabi/lib/thumb/v7e-m+fp/hard\libc_nano.a(libc_a-mallocr.o) (__malloc_lock)
C:/ST/STM32CubeIDE_1.19.0/STM32CubeIDE/plugins/com.st.stm32cube.ide.mcu.externaltools.gnu-tools-for-stm32.13.3.rel1.win32_1.0.0.202411081344/tools/bin/../lib/gcc/arm-none-eabi/13.3.1/../../../../arm-none-eabi/lib/thumb/v7e-m+fp/hard\libc_nano.a(libc_a-findfp.o)
                              C:/ST/STM32CubeIDE_1.19.0/STM32CubeIDE/plugins/com.st.stm32cube.ide.mcu.externaltools.gnu-tools-for-stm32.13.3.rel1.win32_1.0.0.202411081344/tools/bin/../lib/gcc/arm-none-eabi/13.3.1/../../../../arm-none-eabi/lib/thumb/v7e-m+fp/hard\libc_nano.a(libc_a-exit.o) (__stdio_exit_handler)
C:/ST/STM32CubeIDE_1.19.0/STM32CubeIDE/plugins/com.st.stm32cube.ide.mcu.externaltools.gnu-tools-for-stm32.13.3.rel1.win32_1.0.0.202411081344/tools/bin/../lib/gcc/arm-none-eabi/13.3.1/../../../../arm-none-eabi/lib/thumb/v7e-m+fp/hard\libc_nano.a(libc_a-fwalk.o)
                              C:/ST/STM32CubeIDE_1.19.0/STM32CubeIDE/plugins/com.st.stm32cube.ide.mcu.externaltools.gnu-tools-for-stm32.13.3.rel1.win32_1.0.0.202411081344/tools/bin/../lib/gcc/arm-none-eabi/13.3.1/../../../../arm-none-eabi/lib/thumb/v7e-m+fp/hard\libc_nano.a(libc_a-findfp.o) (_fwalk_sglue)
C:/ST/STM32CubeIDE_1.19.0/STM32CubeIDE/plugins/com.st.stm32cube.ide.mcu.externaltools.gnu-tools-for-stm32.13.3.rel1.win32_1.0.0.202411081344/tools/bin/../lib/gcc/arm-none-eabi/13.3.1/../../../../arm-none-eabi/lib/thumb/v7e-m+fp/hard\libc_nano.a(libc_a-stdio.o)
                              C:/ST/STM32CubeIDE_1.19.0/STM32CubeIDE/plugins/com.st.stm32cube.ide.mcu.externaltools.gnu-tools-for-stm32.13.3.rel1.win32_1.0.0.202411081344/tools/bin/../lib/gcc/arm-none-eabi/13.3.1/../../../../arm-none-eabi/lib/thumb/v7e-m+fp/hard\libc_nano.a(libc_a-findfp.o) (__sread)
C:/ST/STM32CubeIDE_1.19.0/STM32CubeIDE/plugins/com.st.stm32cube.ide.mcu.externaltools.gnu-tools-for-stm32.13.3.rel1.win32_1.0.0.202411081344/tools/bin/../lib/gcc/arm-none-eabi/13.3.1/../../../../arm-none-eabi/lib/thumb/v7e-m+fp/hard\libc_nano.a(libc_a-memset.o)
                              C:/ST/STM32CubeIDE_1.19.0/STM32CubeIDE/plugins/com.st.stm32cube.ide.mcu.externaltools.gnu-tools-for-stm32.13.3.rel1.win32_1.0.0.202411081344/tools/bin/../lib/gcc/arm-none-eabi/13.3.1/../../../../arm-none-eabi/lib/thumb/v7e-m+fp/hard/crt0.o (memset)
C:/ST/STM32CubeIDE_1.19.0/STM32CubeIDE/plugins/com.st.stm32cube.ide.mcu.externaltools.gnu-tools-for-stm32.13.3.rel1.win32_1.0.0.202411081344/tools/bin/../lib/gcc/arm-none-eabi/13.3.1/../../../../arm-none-eabi/lib/thumb/v7e-m+fp/hard\libc_nano.a(libc_a-closer.o)
                              C:/ST/STM32CubeIDE_1.19.0/STM32CubeIDE/plugins/com.st.stm32cube.ide.mcu.externaltools.gnu-tools-for-stm32.13.3.rel1.win32_1.0.0.202411081344/tools/bin/../lib/gcc/arm-none-eabi/13.3.1/../../../../arm-none-eabi/lib/thumb/v7e-m+fp/hard\libc_nano.a(libc_a-stdio.o) (_close_r)
[...]
Memory Configuration

Name             Origin             Length             Attributes
RAM              0x20000000         0x00018000         xrw
SRAM2            0x10000000         0x00008000         xrw
FLASH            0x08000000         0x00100000         xr
*default*        0x00000000         0xffffffff

Linker script and memory map

LOAD C:/ST/STM32CubeIDE_1.19.0/STM32CubeIDE/plugins/com.st.stm32cube.ide.mcu.externaltools.gnu-tools-for-stm32.13.3.rel1.win32_1.0.0.202411081344/tools/bin/../lib/gcc/arm-none-eabi/13.3.1/thumb/v7e-m+fp/hard/crti.o
LOAD C:/ST/STM32CubeIDE_1.19.0/STM32CubeIDE/plugins/com.st.stm32cube.ide.mcu.externaltools.gnu-tools-for-stm32.13.3.rel1.win32_1.0.0.202411081344/tools/bin/../lib/gcc/arm-none-eabi/13.3.1/thumb/v7e-m+fp/hard/crtbegin.o
LOAD C:/ST/STM32CubeIDE_1.19.0/STM32CubeIDE/plugins/com.st.stm32cube.ide.mcu.externaltools.gnu-tools-for-stm32.13.3.rel1.win32_1.0.0.202411081344/tools/bin/../lib/gcc/arm-none-eabi/13.3.1/../../../../arm-none-eabi/lib/thumb/v7e-m+fp/hard/crt0.o
LOAD ./Drivers/Src/GPIO_driver.o
LOAD ./Drivers/Src/I2C_driver.o
LOAD ./Drivers/Src/RCC_driver.o
LOAD ./Drivers/Src/SPI_driver.o
LOAD ./Drivers/Src/USART_driver.o
LOAD ./Src/main.o
LOAD ./Src/syscalls.o
LOAD ./Src/sysmem.o
LOAD ./Startup/startup_stm32l476rgtx.o
START GROUP
LOAD C:/ST/STM32CubeIDE_1.19.0/STM32CubeIDE/plugins/com.st.stm32cube.ide.mcu.externaltools.gnu-tools-for-stm32.13.3.rel1.win32_1.0.0.202411081344/tools/bin/../lib/gcc/arm-none-eabi/13.3.1/../../../../arm-none-eabi/lib/thumb/v7e-m+fp/hard\libc_nano.a
LOAD C:/ST/STM32CubeIDE_1.19.0/STM32CubeIDE/plugins/com.st.stm32cube.ide.mcu.externaltools.gnu-tools-for-stm32.13.3.rel1.win32_1.0.0.202411081344/tools/bin/../lib/gcc/arm-none-eabi/13.3.1/../../../../arm-none-eabi/lib/thumb/v7e-m+fp/hard\libm.a
END GROUP
START GROUP
LOAD C:/ST/STM32CubeIDE_1.19.0/STM32CubeIDE/plugins/com.st.stm32cube.ide.mcu.externaltools.gnu-tools-for-stm32.13.3.rel1.win32_1.0.0.202411081344/tools/bin/../lib/gcc/arm-none-eabi/13.3.1/thumb/v7e-m+fp/hard\libgcc.a
LOAD C:/ST/STM32CubeIDE_1.19.0/STM32CubeIDE/plugins/com.st.stm32cube.ide.mcu.externaltools.gnu-tools-for-stm32.13.3.rel1.win32_1.0.0.202411081344/tools/bin/../lib/gcc/arm-none-eabi/13.3.1/../../../../arm-none-eabi/lib/thumb/v7e-m+fp/hard\libc_nano.a
END GROUP
START GROUP
LOAD C:/ST/STM32CubeIDE_1.19.0/STM32CubeIDE/plugins/com.st.stm32cube.ide.mcu.externaltools.gnu-tools-for-stm32.13.3.rel1.win32_1.0.0.202411081344/tools/bin/../lib/gcc/arm-none-eabi/13.3.1/thumb/v7e-m+fp/hard\libgcc.a
LOAD C:/ST/STM32CubeIDE_1.19.0/STM32CubeIDE/plugins/com.st.stm32cube.ide.mcu.externaltools.gnu-tools-for-stm32.13.3.rel1.win32_1.0.0.202411081344/tools/bin/../lib/gcc/arm-none-eabi/13.3.1/../../../../arm-none-eabi/lib/thumb/v7e-m+fp/hard\libc_nano.a
LOAD C:/ST/STM32CubeIDE_1.19.0/STM32CubeIDE/plugins/com.st.stm32cube.ide.mcu.externaltools.gnu-tools-for-stm32.13.3.rel1.win32_1.0.0.202411081344/tools/bin/../lib/gcc/arm-none-eabi/13.3.1/../../../../arm-none-eabi/lib/thumb/v7e-m+fp/hard\libnosys.a
END GROUP
START GROUP
LOAD C:/ST/STM32CubeIDE_1.19.0/STM32CubeIDE/plugins/com.st.stm32cube.ide.mcu.externaltools.gnu-tools-for-stm32.13.3.rel1.win32_1.0.0.202411081344/tools/bin/../lib/gcc/arm-none-eabi/13.3.1/thumb/v7e-m+fp/hard\libgcc.a
LOAD C:/ST/STM32CubeIDE_1.19.0/STM32CubeIDE/plugins/com.st.stm32cube.ide.mcu.externaltools.gnu-tools-for-stm32.13.3.rel1.win32_1.0.0.202411081344/tools/bin/../lib/gcc/arm-none-eabi/13.3.1/../../../../arm-none-eabi/lib/thumb/v7e-m+fp/hard\libc_nano.a
LOAD C:/ST/STM32CubeIDE_1.19.0/STM32CubeIDE/plugins/com.st.stm32cube.ide.mcu.externaltools.gnu-tools-for-stm32.13.3.rel1.win32_1.0.0.202411081344/tools/bin/../lib/gcc/arm-none-eabi/13.3.1/../../../../arm-none-eabi/lib/thumb/v7e-m+fp/hard\libnosys.a
END GROUP
LOAD C:/ST/STM32CubeIDE_1.19.0/STM32CubeIDE/plugins/com.st.stm32cube.ide.mcu.externaltools.gnu-tools-for-stm32.13.3.rel1.win32_1.0.0.202411081344/tools/bin/../lib/gcc/arm-none-eabi/13.3.1/thumb/v7e-m+fp/hard/crtend.o
LOAD C:/ST/STM32CubeIDE_1.19.0/STM32CubeIDE/plugins/com.st.stm32cube.ide.mcu.externaltools.gnu-tools-for-stm32.13.3.rel1.win32_1.0.0.202411081344/tools/bin/../lib/gcc/arm-none-eabi/13.3.1/thumb/v7e-m+fp/hard/crtn.o
                0x20018000                        _estack = (ORIGIN (RAM) + LENGTH (RAM))
                0x00000200                        _Min_Heap_Size = 0x200
                0x00000400                        _Min_Stack_Size = 0x400

.isr_vector     0x08000000      0x18c
                0x08000000                        . = ALIGN (0x4)
 *(.isr_vector)
 .isr_vector    0x08000000      0x18c ./Startup/startup_stm32l476rgtx.o
                0x08000000                g_pfnVectors
                0x0800018c                        . = ALIGN (0x4)

.text           0x0800018c     0x1084
                0x0800018c                        . = ALIGN (0x4)
 *(.text)
 .text          0x0800018c       0x40 C:/ST/STM32CubeIDE_1.19.0/STM32CubeIDE/plugins/com.st.stm32cube.ide.mcu.externaltools.gnu-tools-for-stm32.13.3.rel1.win32_1.0.0.202411081344/tools/bin/../lib/gcc/arm-none-eabi/13.3.1/thumb/v7e-m+fp/hard/crtbegin.o
 .text          0x080001cc       0x10 C:/ST/STM32CubeIDE_1.19.0/STM32CubeIDE/plugins/com.st.stm32cube.ide.mcu.externaltools.gnu-tools-for-stm32.13.3.rel1.win32_1.0.0.202411081344/tools/bin/../lib/gcc/arm-none-eabi/13.3.1/../../../../arm-none-eabi/lib/thumb/v7e-m+fp/hard\libc_nano.a(libc_a-strlen.o)
                0x080001cc                strlen
 *(.text*)
 .text.GPIO_PeriClockControl
                0x080001dc      0x19c ./Drivers/Src/GPIO_driver.o
                0x080001dc                GPIO_PeriClockControl
 .text.GPIO_Init
                0x08000378      0x370 ./Drivers/Src/GPIO_driver.o
                0x08000378                GPIO_Init
 .text.SPI_PeriClockControl
                0x080006e8       0xb0 ./Drivers/Src/SPI_driver.o
                0x080006e8                SPI_PeriClockControl
 .text.SPI_Init
                0x08000798       0xbc ./Drivers/Src/SPI_driver.o
                0x08000798                SPI_Init
 .text.SPI_PeripheralControl
                0x08000854       0x38 ./Drivers/Src/SPI_driver.o
                0x08000854                SPI_PeripheralControl
 .text.SPI_SSOEConfig
                0x0800088c       0x38 ./Drivers/Src/SPI_driver.o
                0x0800088c                SPI_SSOEConfig
 .text.SPI_SendDataIT
                0x080008c4       0x48 ./Drivers/Src/SPI_driver.o
                0x080008c4                SPI_SendDataIT
 .text.SPI_IRQInterruptConfig
                0x0800090c      0x10c ./Drivers/Src/SPI_driver.o
                0x0800090c                SPI_IRQInterruptConfig
 .text.SPI_IRQHandling
                0x08000a18       0x9a ./Drivers/Src/SPI_driver.o
                0x08000a18                SPI_IRQHandling
 .text.spi_txe_interrupt_handle
                0x08000ab2       0x46 ./Drivers/Src/SPI_driver.o
 .text.spi_rxne_interrupt_handle
                0x08000af8       0x48 ./Drivers/Src/SPI_driver.o
 .text.spi_ovr_err_interrupt_handle
                0x08000b40       0x30 ./Drivers/Src/SPI_driver.o
 .text.SPI_CloseReception
                0x08000b70       0x36 ./Drivers/Src/SPI_driver.o
                0x08000b70                SPI_CloseReception
 .text.SPI_CloseTransmisson
                0x08000ba6       0x36 ./Drivers/Src/SPI_driver.o
                0x08000ba6                SPI_CloseTransmisson
 .text.USART_PeriClockControl
                0x08000bdc      0x110 ./Drivers/Src/USART_driver.o
                0x08000bdc                USART_PeriClockControl
 .text.USART_Init
                0x08000cec       0xfa ./Drivers/Src/USART_driver.o
                0x08000cec                USART_Init
 .text.USART_SendData
                0x08000de6       0x9c ./Drivers/Src/USART_driver.o
                0x08000de6                USART_SendData
 .text.USART_PeripheralControl
                0x08000e82       0x38 ./Drivers/Src/USART_driver.o
                0x08000e82                USART_PeripheralControl
 .text.USART_GetFlagStatus
                0x08000eba       0x2a ./Drivers/Src/USART_driver.o
                0x08000eba                USART_GetFlagStatus
 .text.USART2_GPIOInits
                0x08000ee4       0x5c ./Src/main.o
                0x08000ee4                USART2_GPIOInits
 .text.USART2_Inits
                0x08000f40       0x44 ./Src/main.o
                0x08000f40                USART2_Inits
 .text.SPI2_GPIOInits
                0x08000f84       0x64 ./Src/main.o
                0x08000f84                SPI2_GPIOInits
 .text.SPI2_Inits
                0x08000fe8       0x48 ./Src/main.o
                0x08000fe8                SPI2_Inits
 .text.SPI_ApplicationEventCallback
                0x08001030       0x54 ./Src/main.o
                0x08001030                SPI_ApplicationEventCallback
 .text.main     0x08001084       0x84 ./Src/main.o
                0x08001084                main
 .text.SPI2_IRQHandler
                0x08001108       0x44 ./Src/main.o
                0x08001108                SPI2_IRQHandler
 .text.Reset_Handler
                0x0800114c       0x50 ./Startup/startup_stm32l476rgtx.o
                0x0800114c                Reset_Handler
 .text.Default_Handler
                0x0800119c        0x2 ./Startup/startup_stm32l476rgtx.o
                0x0800119c                EXTI2_IRQHandler
                0x0800119c                TIM8_TRG_COM_IRQHandler
                0x0800119c                TIM8_CC_IRQHandler
                0x0800119c                DebugMon_Handler
                0x0800119c                DMA1_CH4_IRQHandler
                0x0800119c                TIM1_CC_IRQHandler
                0x0800119c                TSC_IRQHandler
                0x0800119c                HardFault_Handler
                0x0800119c                SysTick_Handler
                0x0800119c                TAMP_STAMP_IRQHandler
                0x0800119c                PendSV_Handler
                0x0800119c                NMI_Handler
                0x0800119c                EXTI3_IRQHandler
                0x0800119c                LPTIM2_IRQHandler
                0x0800119c                DFSDM1_FLT1_IRQHandler
                0x0800119c                I2C3_ER_IRQHandler
                0x0800119c                DFSDM1_FLT2_IRQHandler
                0x0800119c                TIM6_DACUNDER_IRQHandler
                0x0800119c                EXTI0_IRQHandler
                0x0800119c                I2C2_EV_IRQHandler
                0x0800119c                DMA2_CH1_IRQHandler
                0x0800119c                CAN1_RX0_IRQHandler
                0x0800119c                FPU_IRQHandler
                0x0800119c                TIM1_UP_TIM16_IRQHandler
                0x0800119c                DMA2_CH7_IRQHandler
                0x0800119c                UsageFault_Handler
                0x0800119c                ADC1_2_IRQHandler
                0x0800119c                SPI1_IRQHandler
                0x0800119c                DMA1_CH7_IRQHandler
                0x0800119c                TIM8_UP_IRQHandler
                0x0800119c                RTC_ALARM_IRQHandler
                0x0800119c                SAI2_IRQHandler
                0x0800119c                DFSDM1_FLT3_IRQHandler
                0x0800119c                DMA1_CH6_IRQHandler
                0x0800119c                USART3_IRQHandler
                0x0800119c                CAN1_RX1_IRQHandler
                0x0800119c                LCD_IRQHandler
                0x0800119c                UART5_IRQHandler
                0x0800119c                ADC3_IRQHandler
                0x0800119c                TIM4_IRQHandler
                0x0800119c                QUADSPI_IRQHandler
                0x0800119c                I2C1_EV_IRQHandler
                0x0800119c                DMA2_CH5_IRQHandler
                0x0800119c                UART4_IRQHandler
                0x0800119c                DMA1_CH3_IRQHandler
                0x0800119c                TIM3_IRQHandler
                0x0800119c                RCC_IRQHandler
                0x0800119c                Default_Handler
                0x0800119c                EXTI15_10_IRQHandler
                0x0800119c                TIM7_IRQHandler
                0x0800119c                SDMMC1_IRQHandler
                0x0800119c                TIM5_IRQHandler
                0x0800119c                I2C3_EV_IRQHandler
                0x0800119c                EXTI9_5_IRQHandler
                0x0800119c                DMA1_CH2_IRQHandler
                0x0800119c                RTC_WKUP_IRQHandler
                0x0800119c                PVD_PVM_IRQHandler
                0x0800119c                DMA1_CH1_IRQHandler
                0x0800119c                MemManage_Handler
                0x0800119c                CAN1_TX_IRQHandler
                0x0800119c                SVC_Handler
                0x0800119c                CRS_IRQHandler
                0x0800119c                EXTI4_IRQHandler
                0x0800119c                RNG_IRQHandler
                0x0800119c                TIM1_TRG_COM_TIM17_IRQHandler
                0x0800119c                COMP_IRQHandler
                0x0800119c                WWDG_IRQHandler
                0x0800119c                LPUART1_IRQHandler
                0x0800119c                TIM2_IRQHandler
                0x0800119c                EXTI1_IRQHandler
                0x0800119c                USART2_IRQHandler
                0x0800119c                DFSDM1_FLT0_IRQHandler
                0x0800119c                I2C2_ER_IRQHandler
                0x0800119c                TIM8_BRK_IRQHandler
                0x0800119c                CAN1_SCE_IRQHandler
                0x0800119c                FLASH_IRQHandler
                0x0800119c                BusFault_Handler
                0x0800119c                USART1_IRQHandler
                0x0800119c                OTG_FS_IRQHandler
                0x0800119c                SPI3_IRQHandler
                0x0800119c                DMA2_CH6_IRQHandler
                0x0800119c                DMA2_CH3_IRQHandler
                0x0800119c                DMA2_CH2_IRQHandler
                0x0800119c                I2C1_ER_IRQHandler
                0x0800119c                FMC_IRQHandler
                0x0800119c                DMA1_CH5_IRQHandler
                0x0800119c                DMA2_CH4_IRQHandler
                0x0800119c                SWPMI1_IRQHandler
                0x0800119c                LPTIM1_IRQHandler
                0x0800119c                SAI1_IRQHandler
                0x0800119c                TIM1_BRK_TIM15_IRQHandler
 .text.memset   0x0800119e       0x10 C:/ST/STM32CubeIDE_1.19.0/STM32CubeIDE/plugins/com.st.stm32cube.ide.mcu.externaltools.gnu-tools-for-stm32.13.3.rel1.win32_1.0.0.202411081344/tools/bin/../lib/gcc/arm-none-eabi/13.3.1/../../../../arm-none-eabi/lib/thumb/v7e-m+fp/hard\libc_nano.a(libc_a-memset.o)
                0x0800119e                memset
 *fill*         0x080011ae        0x2 
 .text.__libc_init_array
                0x080011b0       0x48 C:/ST/STM32CubeIDE_1.19.0/STM32CubeIDE/plugins/com.st.stm32cube.ide.mcu.externaltools.gnu-tools-for-stm32.13.3.rel1.win32_1.0.0.202411081344/tools/bin/../lib/gcc/arm-none-eabi/13.3.1/../../../../arm-none-eabi/lib/thumb/v7e-m+fp/hard\libc_nano.a(libc_a-init.o)
                0x080011b0                __libc_init_array
 *(.glue_7)
 .glue_7        0x080011f8        0x0 linker stubs
 *(.glue_7t)
 .glue_7t       0x080011f8        0x0 linker stubs
 *(.eh_frame)
 .eh_frame      0x080011f8        0x0 C:/ST/STM32CubeIDE_1.19.0/STM32CubeIDE/plugins/com.st.stm32cube.ide.mcu.externaltools.gnu-tools-for-stm32.13.3.rel1.win32_1.0.0.202411081344/tools/bin/../lib/gcc/arm-none-eabi/13.3.1/thumb/v7e-m+fp/hard/crtbegin.o
 *(.init)
 .init          0x080011f8        0x4 C:/ST/STM32CubeIDE_1.19.0/STM32CubeIDE/plugins/com.st.stm32cube.ide.mcu.externaltools.gnu-tools-for-stm32.13.3.rel1.win32_1.0.0.202411081344/tools/bin/../lib/gcc/arm-none-eabi/13.3.1/thumb/v7e-m+fp/hard/crti.o
                0x080011f8                _init
 .init          0x080011fc        0x8 C:/ST/STM32CubeIDE_1.19.0/STM32CubeIDE/plugins/com.st.stm32cube.ide.mcu.externaltools.gnu-tools-for-stm32.13.3.rel1.win32_1.0.0.202411081344/tools/bin/../lib/gcc/arm-none-eabi/13.3.1/thumb/v7e-m+fp/hard/crtn.o
 *(.fini)
 .fini          0x08001204        0x4 C:/ST/STM32CubeIDE_1.19.0/STM32CubeIDE/plugins/com.st.stm32cube.ide.mcu.externaltools.gnu-tools-for-stm32.13.3.rel1.win32_1.0.0.202411081344/tools/bin/../lib/gcc/arm-none-eabi/13.3.1/thumb/v7e-m+fp/hard/crti.o
                0x08001204                _fini
 .fini          0x08001208        0x8 C:/ST/STM32CubeIDE_1.19.0/STM32CubeIDE/plugins/com.st.stm32cube.ide.mcu.externaltools.gnu-tools-for-stm32.13.3.rel1.win32_1.0.0.202411081344/tools/bin/../lib/gcc/arm-none-eabi/13.3.1/thumb/v7e-m+fp/hard/crtn.o
                0x08001210                        . = ALIGN (0x4)
                0x08001210                        _etext = .

.vfp11_veneer   0x08001210        0x0
 .vfp11_veneer  0x08001210        0x0 linker stubs

.v4_bx          0x08001210        0x0
 .v4_bx         0x08001210        0x0 linker stubs

.iplt           0x08001210        0x0
 .iplt          0x08001210        0x0 C:/ST/STM32CubeIDE_1.19.0/STM32CubeIDE/plugins/com.st.stm32cube.ide.mcu.externaltools.gnu-tools-for-stm32.13.3.rel1.win32_1.0.0.202411081344/tools/bin/../lib/gcc/arm-none-eabi/13.3.1/thumb/v7e-m+fp/hard/crtbegin.o

.rodata         0x08001210       0x50
                0x08001210                        . = ALIGN (0x4)
 *(.rodata)
 .rodata        0x08001210       0x4f ./Src/main.o
 *(.rodata*)
                0x08001260                        . = ALIGN (0x4)
 *fill*         0x0800125f        0x1 

.ARM.extab      0x08001260        0x0
                0x08001260                        . = ALIGN (0x4)
 *(.ARM.extab* .gnu.linkonce.armextab.*)
                0x08001260                        . = ALIGN (0x4)

.ARM            0x08001260        0x8
                0x08001260                        . = ALIGN (0x4)
                0x08001260                        __exidx_start = .
 *(.ARM.exidx*)
 .ARM.exidx     0x08001260        0x8 C:/ST/STM32CubeIDE_1.19.0/STM32CubeIDE/plugins/com.st.stm32cube.ide.mcu.externaltools.gnu-tools-for-stm32.13.3.rel1.win32_1.0.0.202411081344/tools/bin/../lib/gcc/arm-none-eabi/13.3.1/../../../../arm-none-eabi/lib/thumb/v7e-m+fp/hard\libc_nano.a(libc_a-strlen.o)
                0x08001268                        __exidx_end = .
                0x08001268                        . = ALIGN (0x4)

.preinit_array  0x08001268        0x0
                0x08001268                        . = ALIGN (0x4)
                0x08001268                        PROVIDE (__preinit_array_start = .)
 *(.preinit_array*)
                0x08001268                        PROVIDE (__preinit_array_end = .)
                0x08001268                        . = ALIGN (0x4)

.init_array     0x08001268        0x4
                0x08001268                        . = ALIGN (0x4)
                0x08001268                        PROVIDE (__init_array_start = .)
 *(SORT_BY_NAME(.init_array.*))
 *(.init_array*)
 .init_array    0x08001268        0x4 C:/ST/STM32CubeIDE_1.19.0/STM32CubeIDE/plugins/com.st.stm32cube.ide.mcu.externaltools.gnu-tools-for-stm32.13.3.rel1.win32_1.0.0.202411081344/tools/bin/../lib/gcc/arm-none-eabi/13.3.1/thumb/v7e-m+fp/hard/crtbegin.o
                0x0800126c                        PROVIDE (__init_array_end = .)
                0x0800126c                        . = ALIGN (0x4)

.fini_array     0x0800126c        0x4
                0x0800126c                        . = ALIGN (0x4)
                [!provide]                        PROVIDE (__fini_array_start = .)
 *(SORT_BY_NAME(.fini_array.*))
 *(.fini_array*)
 .fini_array    0x0800126c        0x4 C:/ST/STM32CubeIDE_1.19.0/STM32CubeIDE/plugins/com.st.stm32cube.ide.mcu.externaltools.gnu-tools-for-stm32.13.3.rel1.win32_1.0.0.202411081344/tools/bin/../lib/gcc/arm-none-eabi/13.3.1/thumb/v7e-m+fp/hard/crtbegin.o
                [!provide]                        PROVIDE (__fini_array_end = .)
                0x08001270                        . = ALIGN (0x4)
                0x08001270                        _sidata = LOADADDR (.data)

.rel.dyn        0x08001270        0x0
 .rel.iplt      0x08001270        0x0 C:/ST/STM32CubeIDE_1.19.0/STM32CubeIDE/plugins/com.st.stm32cube.ide.mcu.externaltools.gnu-tools-for-stm32.13.3.rel1.win32_1.0.0.202411081344/tools/bin/../lib/gcc/arm-none-eabi/13.3.1/thumb/v7e-m+fp/hard/crtbegin.o

.data           0x20000000        0x4 load address 0x08001270
                0x20000000                        . = ALIGN (0x4)
                0x20000000                        _sdata = .
 *(.data)
 *(.data*)
 .data.data     0x20000000        0x1 ./Src/main.o
                0x20000000                data
 *(.RamFunc)
 *(.RamFunc*)
                0x20000004                        . = ALIGN (0x4)
 *fill*         0x20000001        0x3 
                0x20000004                        _edata = .
                0x08001274                        _sisram2 = LOADADDR (.sram2)

.igot.plt       0x20000004        0x0 load address 0x08001274
 .igot.plt      0x20000004        0x0 C:/ST/STM32CubeIDE_1.19.0/STM32CubeIDE/plugins/com.st.stm32cube.ide.mcu.externaltools.gnu-tools-for-stm32.13.3.rel1.win32_1.0.0.202411081344/tools/bin/../lib/gcc/arm-none-eabi/13.3.1/thumb/v7e-m+fp/hard/crtbegin.o

.sram2          0x10000000        0x0 load address 0x08001274
                0x10000000                        . = ALIGN (0x4)
                0x10000000                        _ssram2 = .
 *(.sram2)
 *(.sram2*)
                0x10000000                        . = ALIGN (0x4)
                0x10000000                        _esram2 = .
                0x10000000                        . = ALIGN (0x4)

.bss            0x20000004       0x60
                0x20000004                        _sbss = .
                0x20000004                        __bss_start__ = _sbss
 *(.bss)
 .bss           0x20000004       0x1c C:/ST/STM32CubeIDE_1.19.0/STM32CubeIDE/plugins/com.st.stm32cube.ide.mcu.externaltools.gnu-tools-for-stm32.13.3.rel1.win32_1.0.0.202411081344/tools/bin/../lib/gcc/arm-none-eabi/13.3.1/thumb/v7e-m+fp/hard/crtbegin.o
 *(.bss*)
 .bss.SPI2Handle
                0x20000020       0x20 ./Src/main.o
                0x20000020                SPI2Handle
 .bss.usart2_handle
                0x20000040       0x24 ./Src/main.o
                0x20000040                usart2_handle
 *(COMMON)
                0x20000064                        . = ALIGN (0x4)
                0x20000064                        _ebss = .
                0x20000064                        __bss_end__ = _ebss

._user_heap_stack
                0x20000064      0x604
                0x20000068                        . = ALIGN (0x8)
 *fill*         0x20000064        0x4 
                [!provide]                        PROVIDE (end = .)
                0x20000068                        PROVIDE (_end = .)
                0x20000268                        . = (. + _Min_Heap_Size)
 *fill*         0x20000068      0x200 
                0x20000668                        . = (. + _Min_Stack_Size)
 *fill*         0x20000268      0x400 
                0x20000668                        . = ALIGN (0x8)

/DISCARD/
 libc.a(*)
 libm.a(*)
 libgcc.a(*)

.ARM.attributes
                0x00000000       0x30
 *(.ARM.attributes)
 .ARM.attributes
                0x00000000       0x22 C:/ST/STM32CubeIDE_1.19.0/STM32CubeIDE/plugins/com.st.stm32cube.ide.mcu.externaltools.gnu-tools-for-stm32.13.3.rel1.win32_1.0.0.202411081344/tools/bin/../lib/gcc/arm-none-eabi/13.3.1/thumb/v7e-m+fp/hard/crti.o
 .ARM.attributes
                0x00000022       0x34 C:/ST/STM32CubeIDE_1.19.0/STM32CubeIDE/plugins/com.st.stm32cube.ide.mcu.externaltools.gnu-tools-for-stm32.13.3.rel1.win32_1.0.0.202411081344/tools/bin/../lib/gcc/arm-none-eabi/13.3.1/thumb/v7e-m+fp/hard/crtbegin.o
 .ARM.attributes
                0x00000056       0x34 ./Drivers/Src/GPIO_driver.o
 .ARM.attributes
                0x0000008a       0x34 ./Drivers/Src/SPI_driver.o
 .ARM.attributes
                0x000000be       0x34 ./Drivers/Src/USART_driver.o
 .ARM.attributes
                0x000000f2       0x34 ./Src/main.o
 .ARM.attributes
                0x00000126       0x21 ./Startup/startup_stm32l476rgtx.o
 .ARM.attributes
                0x00000147       0x34 C:/ST/STM32CubeIDE_1.19.0/STM32CubeIDE/plugins/com.st.stm32cube.ide.mcu.externaltools.gnu-tools-for-stm32.13.3.rel1.win32_1.0.0.202411081344/tools/bin/../lib/gcc/arm-none-eabi/13.3.1/../../../../arm-none-eabi/lib/thumb/v7e-m+fp/hard\libc_nano.a(libc_a-memset.o)
 .ARM.attributes
                0x0000017b       0x34 C:/ST/STM32CubeIDE_1.19.0/STM32CubeIDE/plugins/com.st.stm32cube.ide.mcu.externaltools.gnu-tools-for-stm32.13.3.rel1.win32_1.0.0.202411081344/tools/bin/../lib/gcc/arm-none-eabi/13.3.1/../../../../arm-none-eabi/lib/thumb/v7e-m+fp/hard\libc_nano.a(libc_a-init.o)
 .ARM.attributes
                0x000001af       0x17 C:/ST/STM32CubeIDE_1.19.0/STM32CubeIDE/plugins/com.st.stm32cube.ide.mcu.externaltools.gnu-tools-for-stm32.13.3.rel1.win32_1.0.0.202411081344/tools/bin/../lib/gcc/arm-none-eabi/13.3.1/../../../../arm-none-eabi/lib/thumb/v7e-m+fp/hard\libc_nano.a(libc_a-strlen.o)
 .ARM.attributes
                0x000001c6       0x22 C:/ST/STM32CubeIDE_1.19.0/STM32CubeIDE/plugins/com.st.stm32cube.ide.mcu.externaltools.gnu-tools-for-stm32.13.3.rel1.win32_1.0.0.202411081344/tools/bin/../lib/gcc/arm-none-eabi/13.3.1/thumb/v7e-m+fp/hard/crtn.o
OUTPUT(11_SPI_Interrupt.elf elf32-littlearm)
LOAD linker stubs
LOAD C:/ST/STM32CubeIDE_1.19.0/STM32CubeIDE/plugins/com.st.stm32cube.ide.mcu.externaltools.gnu-tools-for-stm32.13.3.rel1.win32_1.0.0.202411081344/tools/bin/../lib/gcc/arm-none-eabi/13.3.1/../../../../arm-none-eabi/lib/thumb/v7e-m+fp/hard\libc.a
LOAD C:/ST/STM32CubeIDE_1.19.0/STM32CubeIDE/plugins/com.st.stm32cube.ide.mcu.externaltools.gnu-tools-for-stm32.13.3.rel1.win32_1.0.0.202411081344/tools/bin/../lib/gcc/arm-none-eabi/13.3.1/../../../../arm-none-eabi/lib/thumb/v7e-m+fp/hard\libm.a
LOAD C:/ST/STM32CubeIDE_1.19.0/STM32CubeIDE/plugins/com.st.stm32cube.ide.mcu.externaltools.gnu-tools-for-stm32.13.3.rel1.win32_1.0.0.202411081344/tools/bin/../lib/gcc/arm-none-eabi/13.3.1/thumb/v7e-m+fp/hard\libgcc.a

.debug_info     0x00000000     0x22f7
 .debug_info    0x00000000      0x831 ./Drivers/Src/GPIO_driver.o
 .debug_info    0x00000831      0x87d ./Drivers/Src/SPI_driver.o
 .debug_info    0x000010ae      0x85e ./Drivers/Src/USART_driver.o
 .debug_info    0x0000190c      0x9bb ./Src/main.o
 .debug_info    0x000022c7       0x30 ./Startup/startup_stm32l476rgtx.o

.debug_abbrev   0x00000000      0x696
 .debug_abbrev  0x00000000      0x15c ./Drivers/Src/GPIO_driver.o
 .debug_abbrev  0x0000015c      0x19c ./Drivers/Src/SPI_driver.o
 .debug_abbrev  0x000002f8      0x1e4 ./Drivers/Src/USART_driver.o
 .debug_abbrev  0x000004dc      0x196 ./Src/main.o
 .debug_abbrev  0x00000672       0x24 ./Startup/startup_stm32l476rgtx.o

.debug_aranges  0x00000000      0x228
 .debug_aranges
                0x00000000       0x70 ./Drivers/Src/GPIO_driver.o
 .debug_aranges
                0x00000070       0xb8 ./Drivers/Src/SPI_driver.o
 .debug_aranges
                0x00000128       0x80 ./Drivers/Src/USART_driver.o
 .debug_aranges
                0x000001a8       0x58 ./Src/main.o
 .debug_aranges
                0x00000200       0x28 ./Startup/startup_stm32l476rgtx.o

.debug_rnglists
                0x00000000      0x195
 .debug_rnglists
                0x00000000       0x53 ./Drivers/Src/GPIO_driver.o
 .debug_rnglists
                0x00000053       0x89 ./Drivers/Src/SPI_driver.o
 .debug_rnglists
                0x000000dc       0x62 ./Drivers/Src/USART_driver.o
 .debug_rnglists
                0x0000013e       0x3e ./Src/main.o
 .debug_rnglists
                0x0000017c       0x19 ./Startup/startup_stm32l476rgtx.o

.debug_macro    0x00000000     0x2193
 .debug_macro   0x00000000       0x8a ./Drivers/Src/GPIO_driver.o
 .debug_macro   0x0000008a      0xae4 ./Drivers/Src/GPIO_driver.o
 .debug_macro   0x00000b6e       0x22 ./Drivers/Src/GPIO_driver.o
 .debug_macro   0x00000b90       0x8e ./Drivers/Src/GPIO_driver.o
 .debug_macro   0x00000c1e       0x51 ./Drivers/Src/GPIO_driver.o
 .debug_macro   0x00000c6f      0x103 ./Drivers/Src/GPIO_driver.o
 .debug_macro   0x00000d72       0x6a ./Drivers/Src/GPIO_driver.o
 .debug_macro   0x00000ddc      0x1df ./Drivers/Src/GPIO_driver.o
 .debug_macro   0x00000fbb      0x190 ./Drivers/Src/GPIO_driver.o
 .debug_macro   0x0000114b      0x6ca ./Drivers/Src/GPIO_driver.o
 .debug_macro   0x00001815       0xc4 ./Drivers/Src/GPIO_driver.o
 .debug_macro   0x000018d9       0xae ./Drivers/Src/SPI_driver.o
 .debug_macro   0x00001987       0xbe ./Drivers/Src/SPI_driver.o
 .debug_macro   0x00001a45       0x8e ./Drivers/Src/USART_driver.o
 .debug_macro   0x00001ad3      0x106 ./Drivers/Src/USART_driver.o
 .debug_macro   0x00001bd9      0x1a8 ./Src/main.o
 .debug_macro   0x00001d81       0x16 ./Src/main.o
 .debug_macro   0x00001d97       0x9e ./Src/main.o
 .debug_macro   0x00001e35      0x112 ./Src/main.o
 .debug_macro   0x00001f47       0x10 ./Src/main.o
 .debug_macro   0x00001f57       0x16 ./Src/main.o
 .debug_macro   0x00001f6d       0x16 ./Src/main.o
 .debug_macro   0x00001f83      0x146 ./Src/main.o
 .debug_macro   0x000020c9       0xca ./Src/main.o

.debug_line     0x00000000     0x26b2
 .debug_line    0x00000000      0xa21 ./Drivers/Src/GPIO_driver.o
 .debug_line    0x00000a21      0x95d ./Drivers/Src/SPI_driver.o
 .debug_line    0x0000137e      0xb44 ./Drivers/Src/USART_driver.o
 .debug_line    0x00001ec2      0x775 ./Src/main.o
 .debug_line    0x00002637       0x7b ./Startup/startup_stm32l476rgtx.o

.debug_str      0x00000000     0xac19
 .debug_str     0x00000000     0xac19 ./Drivers/Src/GPIO_driver.o
                               0x68fc (size before relaxing)
 .debug_str     0x0000ac19     0x699b ./Drivers/Src/SPI_driver.o
 .debug_str     0x0000ac19     0x6af3 ./Drivers/Src/USART_driver.o
 .debug_str     0x0000ac19     0xa891 ./Src/main.o
 .debug_str     0x0000ac19       0x80 ./Startup/startup_stm32l476rgtx.o

.comment        0x00000000       0x43
 .comment       0x00000000       0x43 ./Drivers/Src/GPIO_driver.o
                                 0x44 (size before relaxing)
 .comment       0x00000043       0x44 ./Drivers/Src/SPI_driver.o
 .comment       0x00000043       0x44 ./Drivers/Src/USART_driver.o
 .comment       0x00000043       0x44 ./Src/main.o

.debug_frame    0x00000000      0x864
 .debug_frame   0x00000000      0x1c8 ./Drivers/Src/GPIO_driver.o
 .debug_frame   0x000001c8      0x31c ./Drivers/Src/SPI_driver.o
 .debug_frame   0x000004e4      0x208 ./Drivers/Src/USART_driver.o
 .debug_frame   0x000006ec      0x12c ./Src/main.o
 .debug_frame   0x00000818       0x20 C:/ST/STM32CubeIDE_1.19.0/STM32CubeIDE/plugins/com.st.stm32cube.ide.mcu.externaltools.gnu-tools-for-stm32.13.3.rel1.win32_1.0.0.202411081344/tools/bin/../lib/gcc/arm-none-eabi/13.3.1/../../../../arm-none-eabi/lib/thumb/v7e-m+fp/hard\libc_nano.a(libc_a-memset.o)
 .debug_frame   0x00000838       0x2c C:/ST/STM32CubeIDE_1.19.0/STM32CubeIDE/plugins/com.st.stm32cube.ide.mcu.externaltools.gnu-tools-for-stm32.13.3.rel1.win32_1.0.0.202411081344/tools/bin/../lib/gcc/arm-none-eabi/13.3.1/../../../../arm-none-eabi/lib/thumb/v7e-m+fp/hard\libc_nano.a(libc_a-init.o)

.debug_line_str
                0x00000000       0x64
 .debug_line_str
                0x00000000       0x64 ./Startup/startup_stm32l476rgtx.o
