../Core/Src/main.c:24:6:HCSR04_Trigger	16	static
../Core/Src/main.c:31:6:Start_HCSR04	8	static
../Core/Src/main.c:38:6:HAL_TIM_IC_CaptureCallback	16	static
../Core/Src/main.c:62:6:Flash_Write	32	static
../Core/Src/main.c:70:10:Flash_Read	16	static
../Core/Src/main.c:75:6:Flash_Erase_Page	40	static
../Core/Src/main.c:88:5:main	96	static
../Core/Src/main.c:122:6:SystemClock_Config	96	static
../Core/Src/main.c:157:13:MX_TIM2_Init	40	static
../Core/Src/main.c:190:13:MX_USART2_UART_Init	8	static
../Core/Src/main.c:208:13:MX_GPIO_Init	48	static
../Core/Src/main.c:231:6:Error_Handler	4	static,ignoring_inline_asm
